../HAL_Driver/Src/stm32f4xx_hal_smartcard.c:299:19:HAL_SMARTCARD_Init	16	static
../HAL_Driver/Src/stm32f4xx_hal_smartcard.c:378:19:HAL_SMARTCARD_DeInit	16	static
../HAL_Driver/Src/stm32f4xx_hal_smartcard.c:422:13:HAL_SMARTCARD_MspInit	16	static
../HAL_Driver/Src/stm32f4xx_hal_smartcard.c:438:13:HAL_SMARTCARD_MspDeInit	16	static
../HAL_Driver/Src/stm32f4xx_hal_smartcard.c:759:19:HAL_SMARTCARD_Transmit	40	static
../HAL_Driver/Src/stm32f4xx_hal_smartcard.c:822:19:HAL_SMARTCARD_Receive	40	static
../HAL_Driver/Src/stm32f4xx_hal_smartcard.c:881:19:HAL_SMARTCARD_Transmit_IT	24	static
../HAL_Driver/Src/stm32f4xx_hal_smartcard.c:929:19:HAL_SMARTCARD_Receive_IT	24	static
../HAL_Driver/Src/stm32f4xx_hal_smartcard.c:974:19:HAL_SMARTCARD_Transmit_DMA	32	static
../HAL_Driver/Src/stm32f4xx_hal_smartcard.c:1036:19:HAL_SMARTCARD_Receive_DMA	32	static
../HAL_Driver/Src/stm32f4xx_hal_smartcard.c:1106:19:HAL_SMARTCARD_Abort	16	static
../HAL_Driver/Src/stm32f4xx_hal_smartcard.c:1170:19:HAL_SMARTCARD_AbortTransmit	16	static
../HAL_Driver/Src/stm32f4xx_hal_smartcard.c:1212:19:HAL_SMARTCARD_AbortReceive	16	static
../HAL_Driver/Src/stm32f4xx_hal_smartcard.c:1257:19:HAL_SMARTCARD_Abort_IT	24	static
../HAL_Driver/Src/stm32f4xx_hal_smartcard.c:1384:19:HAL_SMARTCARD_AbortTransmit_IT	16	static
../HAL_Driver/Src/stm32f4xx_hal_smartcard.c:1461:19:HAL_SMARTCARD_AbortReceive_IT	16	static
../HAL_Driver/Src/stm32f4xx_hal_smartcard.c:1531:6:HAL_SMARTCARD_IRQHandler	40	static
../HAL_Driver/Src/stm32f4xx_hal_smartcard.c:1673:13:HAL_SMARTCARD_TxCpltCallback	16	static
../HAL_Driver/Src/stm32f4xx_hal_smartcard.c:1689:13:HAL_SMARTCARD_RxCpltCallback	16	static
../HAL_Driver/Src/stm32f4xx_hal_smartcard.c:1705:13:HAL_SMARTCARD_ErrorCallback	16	static
../HAL_Driver/Src/stm32f4xx_hal_smartcard.c:1720:13:HAL_SMARTCARD_AbortCpltCallback	16	static
../HAL_Driver/Src/stm32f4xx_hal_smartcard.c:1735:13:HAL_SMARTCARD_AbortTransmitCpltCallback	16	static
../HAL_Driver/Src/stm32f4xx_hal_smartcard.c:1750:13:HAL_SMARTCARD_AbortReceiveCpltCallback	16	static
../HAL_Driver/Src/stm32f4xx_hal_smartcard.c:1785:28:HAL_SMARTCARD_GetState	24	static
../HAL_Driver/Src/stm32f4xx_hal_smartcard.c:1800:10:HAL_SMARTCARD_GetError	16	static
../HAL_Driver/Src/stm32f4xx_hal_smartcard.c:1842:13:SMARTCARD_DMATransmitCplt	24	static
../HAL_Driver/Src/stm32f4xx_hal_smartcard.c:1862:13:SMARTCARD_DMAReceiveCplt	24	static
../HAL_Driver/Src/stm32f4xx_hal_smartcard.c:1894:13:SMARTCARD_DMAError	24	static
../HAL_Driver/Src/stm32f4xx_hal_smartcard.c:1935:26:SMARTCARD_WaitOnFlagUntilTimeout	24	static
../HAL_Driver/Src/stm32f4xx_hal_smartcard.c:1968:13:SMARTCARD_EndTxTransfer	16	static
../HAL_Driver/Src/stm32f4xx_hal_smartcard.c:1984:13:SMARTCARD_EndRxTransfer	16	static
../HAL_Driver/Src/stm32f4xx_hal_smartcard.c:2000:26:SMARTCARD_Transmit_IT	24	static
../HAL_Driver/Src/stm32f4xx_hal_smartcard.c:2034:26:SMARTCARD_EndTransmit_IT	16	static
../HAL_Driver/Src/stm32f4xx_hal_smartcard.c:2062:26:SMARTCARD_Receive_IT	24	static
../HAL_Driver/Src/stm32f4xx_hal_smartcard.c:2110:13:SMARTCARD_DMAAbortOnError	24	static
../HAL_Driver/Src/stm32f4xx_hal_smartcard.c:2133:13:SMARTCARD_DMATxAbortCallback	24	static
../HAL_Driver/Src/stm32f4xx_hal_smartcard.c:2176:13:SMARTCARD_DMARxAbortCallback	24	static
../HAL_Driver/Src/stm32f4xx_hal_smartcard.c:2219:13:SMARTCARD_DMATxOnlyAbortCallback	24	static
../HAL_Driver/Src/stm32f4xx_hal_smartcard.c:2245:13:SMARTCARD_DMARxOnlyAbortCallback	24	static
../HAL_Driver/Src/stm32f4xx_hal_smartcard.c:2269:13:SMARTCARD_SetConfig	32	static
