../HAL_Driver/Src/stm32f4xx_hal_irda.c:292:19:HAL_IRDA_Init	16	static
../HAL_Driver/Src/stm32f4xx_hal_irda.c:366:19:HAL_IRDA_DeInit	16	static
../HAL_Driver/Src/stm32f4xx_hal_irda.c:411:13:HAL_IRDA_MspInit	16	static
../HAL_Driver/Src/stm32f4xx_hal_irda.c:427:13:HAL_IRDA_MspDeInit	16	static
../HAL_Driver/Src/stm32f4xx_hal_irda.c:767:19:HAL_IRDA_Transmit	40	static
../HAL_Driver/Src/stm32f4xx_hal_irda.c:849:19:HAL_IRDA_Receive	40	static
../HAL_Driver/Src/stm32f4xx_hal_irda.c:936:19:HAL_IRDA_Transmit_IT	24	static
../HAL_Driver/Src/stm32f4xx_hal_irda.c:978:19:HAL_IRDA_Receive_IT	24	static
../HAL_Driver/Src/stm32f4xx_hal_irda.c:1023:19:HAL_IRDA_Transmit_DMA	32	static
../HAL_Driver/Src/stm32f4xx_hal_irda.c:1088:19:HAL_IRDA_Receive_DMA	32	static
../HAL_Driver/Src/stm32f4xx_hal_irda.c:1155:19:HAL_IRDA_DMAPause	24	static
../HAL_Driver/Src/stm32f4xx_hal_irda.c:1192:19:HAL_IRDA_DMAResume	24	static
../HAL_Driver/Src/stm32f4xx_hal_irda.c:1228:19:HAL_IRDA_DMAStop	24	static
../HAL_Driver/Src/stm32f4xx_hal_irda.c:1280:19:HAL_IRDA_Abort	16	static
../HAL_Driver/Src/stm32f4xx_hal_irda.c:1344:19:HAL_IRDA_AbortTransmit	16	static
../HAL_Driver/Src/stm32f4xx_hal_irda.c:1386:19:HAL_IRDA_AbortReceive	16	static
../HAL_Driver/Src/stm32f4xx_hal_irda.c:1431:19:HAL_IRDA_Abort_IT	24	static
../HAL_Driver/Src/stm32f4xx_hal_irda.c:1559:19:HAL_IRDA_AbortTransmit_IT	16	static
../HAL_Driver/Src/stm32f4xx_hal_irda.c:1636:19:HAL_IRDA_AbortReceive_IT	16	static
../HAL_Driver/Src/stm32f4xx_hal_irda.c:1706:6:HAL_IRDA_IRQHandler	40	static
../HAL_Driver/Src/stm32f4xx_hal_irda.c:1851:13:HAL_IRDA_TxCpltCallback	16	static
../HAL_Driver/Src/stm32f4xx_hal_irda.c:1867:13:HAL_IRDA_TxHalfCpltCallback	16	static
../HAL_Driver/Src/stm32f4xx_hal_irda.c:1883:13:HAL_IRDA_RxCpltCallback	16	static
../HAL_Driver/Src/stm32f4xx_hal_irda.c:1899:13:HAL_IRDA_RxHalfCpltCallback	16	static
../HAL_Driver/Src/stm32f4xx_hal_irda.c:1915:13:HAL_IRDA_ErrorCallback	16	static
../HAL_Driver/Src/stm32f4xx_hal_irda.c:1931:13:HAL_IRDA_AbortCpltCallback	16	static
../HAL_Driver/Src/stm32f4xx_hal_irda.c:1947:13:HAL_IRDA_AbortTransmitCpltCallback	16	static
../HAL_Driver/Src/stm32f4xx_hal_irda.c:1963:13:HAL_IRDA_AbortReceiveCpltCallback	16	static
../HAL_Driver/Src/stm32f4xx_hal_irda.c:2000:23:HAL_IRDA_GetState	24	static
../HAL_Driver/Src/stm32f4xx_hal_irda.c:2015:10:HAL_IRDA_GetError	16	static
../HAL_Driver/Src/stm32f4xx_hal_irda.c:2059:13:IRDA_DMATransmitCplt	24	static
../HAL_Driver/Src/stm32f4xx_hal_irda.c:2093:13:IRDA_DMATransmitHalfCplt	24	static
../HAL_Driver/Src/stm32f4xx_hal_irda.c:2112:13:IRDA_DMAReceiveCplt	24	static
../HAL_Driver/Src/stm32f4xx_hal_irda.c:2148:13:IRDA_DMAReceiveHalfCplt	24	static
../HAL_Driver/Src/stm32f4xx_hal_irda.c:2167:13:IRDA_DMAError	24	static
../HAL_Driver/Src/stm32f4xx_hal_irda.c:2209:26:IRDA_WaitOnFlagUntilTimeout	24	static
../HAL_Driver/Src/stm32f4xx_hal_irda.c:2241:13:IRDA_EndTxTransfer	16	static
../HAL_Driver/Src/stm32f4xx_hal_irda.c:2255:13:IRDA_EndRxTransfer	16	static
../HAL_Driver/Src/stm32f4xx_hal_irda.c:2271:13:IRDA_DMAAbortOnError	24	static
../HAL_Driver/Src/stm32f4xx_hal_irda.c:2294:13:IRDA_DMATxAbortCallback	24	static
../HAL_Driver/Src/stm32f4xx_hal_irda.c:2338:13:IRDA_DMARxAbortCallback	24	static
../HAL_Driver/Src/stm32f4xx_hal_irda.c:2382:13:IRDA_DMATxOnlyAbortCallback	24	static
../HAL_Driver/Src/stm32f4xx_hal_irda.c:2409:13:IRDA_DMARxOnlyAbortCallback	24	static
../HAL_Driver/Src/stm32f4xx_hal_irda.c:2434:26:IRDA_Transmit_IT	24	static
../HAL_Driver/Src/stm32f4xx_hal_irda.c:2482:26:IRDA_EndTransmit_IT	16	static
../HAL_Driver/Src/stm32f4xx_hal_irda.c:2510:26:IRDA_Receive_IT	24	static
../HAL_Driver/Src/stm32f4xx_hal_irda.c:2583:13:IRDA_SetConfig	24	static
