../HAL_Driver/Src/stm32f4xx_hal_usart.c:298:19:HAL_USART_Init	16	static
../HAL_Driver/Src/stm32f4xx_hal_usart.c:357:19:HAL_USART_DeInit	16	static
../HAL_Driver/Src/stm32f4xx_hal_usart.c:400:13:HAL_USART_MspInit	16	static
../HAL_Driver/Src/stm32f4xx_hal_usart.c:415:13:HAL_USART_MspDeInit	16	static
../HAL_Driver/Src/stm32f4xx_hal_usart.c:744:19:HAL_USART_Transmit	40	static
../HAL_Driver/Src/stm32f4xx_hal_usart.c:825:19:HAL_USART_Receive	40	static
../HAL_Driver/Src/stm32f4xx_hal_usart.c:931:19:HAL_USART_TransmitReceive	40	static
../HAL_Driver/Src/stm32f4xx_hal_usart.c:1045:19:HAL_USART_Transmit_IT	24	static
../HAL_Driver/Src/stm32f4xx_hal_usart.c:1094:19:HAL_USART_Receive_IT	24	static
../HAL_Driver/Src/stm32f4xx_hal_usart.c:1141:19:HAL_USART_TransmitReceive_IT	24	static
../HAL_Driver/Src/stm32f4xx_hal_usart.c:1193:19:HAL_USART_Transmit_DMA	32	static
../HAL_Driver/Src/stm32f4xx_hal_usart.c:1257:19:HAL_USART_Receive_DMA	32	static
../HAL_Driver/Src/stm32f4xx_hal_usart.c:1349:19:HAL_USART_TransmitReceive_DMA	32	static
../HAL_Driver/Src/stm32f4xx_hal_usart.c:1436:19:HAL_USART_DMAPause	16	static
../HAL_Driver/Src/stm32f4xx_hal_usart.c:1456:19:HAL_USART_DMAResume	16	static
../HAL_Driver/Src/stm32f4xx_hal_usart.c:1476:19:HAL_USART_DMAStop	24	static
../HAL_Driver/Src/stm32f4xx_hal_usart.c:1533:19:HAL_USART_Abort	16	static
../HAL_Driver/Src/stm32f4xx_hal_usart.c:1599:19:HAL_USART_Abort_IT	24	static
../HAL_Driver/Src/stm32f4xx_hal_usart.c:1718:6:HAL_USART_IRQHandler	40	static
../HAL_Driver/Src/stm32f4xx_hal_usart.c:1880:13:HAL_USART_TxCpltCallback	16	static
../HAL_Driver/Src/stm32f4xx_hal_usart.c:1895:13:HAL_USART_TxHalfCpltCallback	16	static
../HAL_Driver/Src/stm32f4xx_hal_usart.c:1910:13:HAL_USART_RxCpltCallback	16	static
../HAL_Driver/Src/stm32f4xx_hal_usart.c:1925:13:HAL_USART_RxHalfCpltCallback	16	static
../HAL_Driver/Src/stm32f4xx_hal_usart.c:1940:13:HAL_USART_TxRxCpltCallback	16	static
../HAL_Driver/Src/stm32f4xx_hal_usart.c:1955:13:HAL_USART_ErrorCallback	16	static
../HAL_Driver/Src/stm32f4xx_hal_usart.c:1969:13:HAL_USART_AbortCpltCallback	16	static
../HAL_Driver/Src/stm32f4xx_hal_usart.c:2008:24:HAL_USART_GetState	16	static
../HAL_Driver/Src/stm32f4xx_hal_usart.c:2019:10:HAL_USART_GetError	16	static
../HAL_Driver/Src/stm32f4xx_hal_usart.c:2057:13:USART_DMATransmitCplt	24	static
../HAL_Driver/Src/stm32f4xx_hal_usart.c:2096:13:USART_DMATxHalfCplt	24	static
../HAL_Driver/Src/stm32f4xx_hal_usart.c:2115:13:USART_DMAReceiveCplt	24	static
../HAL_Driver/Src/stm32f4xx_hal_usart.c:2190:13:USART_DMARxHalfCplt	24	static
../HAL_Driver/Src/stm32f4xx_hal_usart.c:2209:13:USART_DMAError	24	static
../HAL_Driver/Src/stm32f4xx_hal_usart.c:2252:26:USART_WaitOnFlagUntilTimeout	24	static
../HAL_Driver/Src/stm32f4xx_hal_usart.c:2291:13:USART_EndTxTransfer	16	static
../HAL_Driver/Src/stm32f4xx_hal_usart.c:2305:13:USART_EndRxTransfer	16	static
../HAL_Driver/Src/stm32f4xx_hal_usart.c:2321:13:USART_DMAAbortOnError	24	static
../HAL_Driver/Src/stm32f4xx_hal_usart.c:2344:13:USART_DMATxAbortCallback	24	static
../HAL_Driver/Src/stm32f4xx_hal_usart.c:2387:13:USART_DMARxAbortCallback	24	static
../HAL_Driver/Src/stm32f4xx_hal_usart.c:2429:26:USART_Transmit_IT	24	static
../HAL_Driver/Src/stm32f4xx_hal_usart.c:2475:26:USART_EndTransmit_IT	16	static
../HAL_Driver/Src/stm32f4xx_hal_usart.c:2502:26:USART_Receive_IT	24	static
../HAL_Driver/Src/stm32f4xx_hal_usart.c:2580:26:USART_TransmitReceive_IT	24	static
../HAL_Driver/Src/stm32f4xx_hal_usart.c:2689:13:USART_SetConfig	32	static
