../Utilities/STM32F4xx-Nucleo/stm32f4xx_nucleo.c:177:10:BSP_GetVersion	4	static
../Utilities/STM32F4xx-Nucleo/stm32f4xx_nucleo.c:188:6:BSP_LED_Init	40	static
../Utilities/STM32F4xx-Nucleo/stm32f4xx_nucleo.c:213:6:BSP_LED_DeInit	40	static
../Utilities/STM32F4xx-Nucleo/stm32f4xx_nucleo.c:230:6:BSP_LED_On	16	static
../Utilities/STM32F4xx-Nucleo/stm32f4xx_nucleo.c:241:6:BSP_LED_Off	16	static
../Utilities/STM32F4xx-Nucleo/stm32f4xx_nucleo.c:252:6:BSP_LED_Toggle	16	static
../Utilities/STM32F4xx-Nucleo/stm32f4xx_nucleo.c:267:6:BSP_PB_Init	40	static
../Utilities/STM32F4xx-Nucleo/stm32f4xx_nucleo.c:304:6:BSP_PB_DeInit	40	static
../Utilities/STM32F4xx-Nucleo/stm32f4xx_nucleo.c:319:10:BSP_PB_GetState	16	static
../Utilities/STM32F4xx-Nucleo/stm32f4xx_nucleo.c:335:13:SPIx_MspInit	48	static
../Utilities/STM32F4xx-Nucleo/stm32f4xx_nucleo.c:370:13:SPIx_Init	8	static
../Utilities/STM32F4xx-Nucleo/stm32f4xx_nucleo.c:407:13:SPIx_WriteReadData	40	static
../Utilities/STM32F4xx-Nucleo/stm32f4xx_nucleo.c:425:13:SPIx_Write	32	static
../Utilities/STM32F4xx-Nucleo/stm32f4xx_nucleo.c:443:13:SPIx_Error	8	static
../Utilities/STM32F4xx-Nucleo/stm32f4xx_nucleo.c:461:6:SD_IO_Init	40	static
../Utilities/STM32F4xx-Nucleo/stm32f4xx_nucleo.c:496:6:SD_IO_CSState	16	static
../Utilities/STM32F4xx-Nucleo/stm32f4xx_nucleo.c:514:6:SD_IO_WriteReadData	24	static
../Utilities/STM32F4xx-Nucleo/stm32f4xx_nucleo.c:524:9:SD_IO_WriteByte	24	static
../Utilities/STM32F4xx-Nucleo/stm32f4xx_nucleo.c:536:6:LCD_IO_Init	40	static
../Utilities/STM32F4xx-Nucleo/stm32f4xx_nucleo.c:566:6:LCD_IO_WriteReg	16	static
../Utilities/STM32F4xx-Nucleo/stm32f4xx_nucleo.c:586:6:LCD_IO_WriteData	16	static
../Utilities/STM32F4xx-Nucleo/stm32f4xx_nucleo.c:606:6:LCD_IO_WriteMultipleData	24	static
../Utilities/STM32F4xx-Nucleo/stm32f4xx_nucleo.c:661:6:LCD_Delay	16	static
../Utilities/STM32F4xx-Nucleo/stm32f4xx_nucleo.c:673:13:ADCx_MspInit	48	static
../Utilities/STM32F4xx-Nucleo/stm32f4xx_nucleo.c:696:13:ADCx_MspDeInit	40	static
../Utilities/STM32F4xx-Nucleo/stm32f4xx_nucleo.c:715:13:ADCx_Init	8	static
../Utilities/STM32F4xx-Nucleo/stm32f4xx_nucleo.c:739:13:ADCx_DeInit	8	static
../Utilities/STM32F4xx-Nucleo/stm32f4xx_nucleo.c:754:9:BSP_JOY_Init	16	static
../Utilities/STM32F4xx-Nucleo/stm32f4xx_nucleo.c:774:6:BSP_JOY_DeInit	8	static
../Utilities/STM32F4xx-Nucleo/stm32f4xx_nucleo.c:791:18:BSP_JOY_GetState	16	static
